// Jest Snapshot v1, https://goo.gl/fbAQLP

exports[`SearchBox suite renders SearchBox without any state injected 1`] = `
<div
  className="container"
>
  <input
    className=" search-box"
    onChange={[Function]}
    placeholder=""
    type="text"
  />
</div>
`;
