// Jest Snapshot v1, https://goo.gl/fbAQLP

exports[`OrgsPage suite renders OrgsPage 1`] = `
<div
  className="spinnerContainer"
>
  <div
    aria-busy="true"
    aria-live="assertive"
    className="spinner"
    role="alertdialog"
  />
</div>
`;
