// Jest Snapshot v1, https://goo.gl/fbAQLP

exports[`NavItem suite should render the NavItem component 1`] = `
<li
  className="navItem"
>
  <a
    className="navLink"
    href="/repos"
    onClick={[Function]}
  >
    Repos
  </a>
</li>
`;
