// Jest Snapshot v1, https://goo.gl/fbAQLP

exports[`Footer suite should render the Footer component 1`] = `
<footer
  className="footer"
>
  <p>
    Gabriel Garc√≠a Seco
  </p>
  <p>
    Made with 
    <i
      className="footerIcon fa fa-heart-o"
    />
    , Madrid 2018 
  </p>
</footer>
`;
