// Jest Snapshot v1, https://goo.gl/fbAQLP

exports[`NavBar suite should render the NavBar component 1`] = `
<nav
  className="navBar"
>
  <ul
    className="navWrapper"
  >
    <li
      className="navItem"
    >
      <a
        className="navLink"
        href="/repos"
        onClick={[Function]}
      >
        Repos
      </a>
    </li>
    <li
      className="navItem"
    >
      <a
        className="navLink"
        href="/orgs"
        onClick={[Function]}
      >
        orgs
      </a>
    </li>
  </ul>
</nav>
`;
