// Jest Snapshot v1, https://goo.gl/fbAQLP

exports[`Spinner suite should render the Spinner component 1`] = `
<div
  aria-busy="true"
  aria-live="assertive"
  className="spinner spinner-test"
  role="alertdialog"
/>
`;
